Microchip MPLAB XC8 Compiler V2.41

Linker command line:

-W-3 \
  --edf=C:\Program Files\Microchip\xc8\v2.41\pic\dat\20230208172133_en.msgs \
  -cn -h+dist/default/production\application.X.production.sym \
  --cmf=dist/default/production\application.X.production.cmf -z -Q18F4620 \
  -oC:\Users\nancy\AppData\Local\Temp\xcAs4b4.\driver_tmp_3.o \
  --defsym=__MPLAB_BUILD=1 --fixupoverflow=error \
  -Mdist/default/production/application.X.production.map \
  --md=C:\Users\nancy\AppData\Local\Temp\xcAs4b4.\driver_tmp_0.dat -E1 \
  -ver=XC8 Compiler --acfsm=1493 -ACODE=00h-0FFFFh -ACONST=00h-0FFFFh \
  -ASMALLCONST=01000h-010FFhx240 -AMEDIUMCONST=01000h-0FFFFh \
  -ACOMRAM=01h-07Fh -AABS1=00h-0F7Fh -ABIGRAM=01h-0F7Fh \
  -ARAM=080h-0FFh,0100h-01FFhx14,0F00h-0F7Fh -ABANK0=080h-0FFh \
  -ABANK1=0100h-01FFh -ABANK2=0200h-02FFh -ABANK3=0300h-03FFh \
  -ABANK4=0400h-04FFh -ABANK5=0500h-05FFh -ABANK6=0600h-06FFh \
  -ABANK7=0700h-07FFh -ABANK8=0800h-08FFh -ABANK9=0900h-09FFh \
  -ABANK10=0A00h-0AFFh -ABANK11=0B00h-0BFFh -ABANK12=0C00h-0CFFh \
  -ABANK13=0D00h-0DFFh -ABANK14=0E00h-0EFFh -ABANK15=0F00h-0F7Fh \
  -ASFR=0F80h-0FFFh -ABIGSFR=0F80h-0FFFh -ACONFIG=0300000h-030000Dh \
  -AIDLOC=0200000h-0200007h -AEEDATA=0F00000h-0F003FFh -peeprom_data=EEDATA \
  -preset_vec=00h,intcode=08h,intcodelo=018h,powerup,init -pramtop=01000h \
  -psmallconst=SMALLCONST -pmediumconst=MEDIUMCONST -pconst=CONST \
  -AFARRAM=00h-00h \
  -prdata=COMRAM,nvrram=COMRAM,nvbit=COMRAM,rbss=COMRAM,rbit=COMRAM \
  -pfarbss=FARRAM,fardata=FARRAM,nvFARRAM=FARRAM \
  -pintsave_regs=BIGRAM,bigbss=BIGRAM,bigdata=BIGRAM -pbss=RAM \
  -pidata=CODE,irdata=CODE,ibigdata=CODE,ifardata=CODE -prparam=COMRAM \
  C:\Users\nancy\AppData\Local\Temp\xcAs4b4.\driver_tmp_9.o \
  dist/default/production\application.X.production.o 

Object code version is 3.11

Machine type is 18F4620



                Name                               Link     Load   Length Selector   Space Scale
C:\Users\nancy\AppData\Local\Temp\xcAs4b4.\driver_tmp_9.o
                idloc                            200000   200000        8        0       5
                config                           300000   300000        E        0       4
                init                                 86       86        4        C       0
                reset_vec                             0        0        4        0       0
dist/default/production\application.X.production.o
                intcodelo                            18       18       6E        C       0
                intcode                               8        8        6        4       0
                idloc                            200000   200000        8        0       5
                config                           300000   300000        E        0       4
                temp                                 67       67        1        1       1
                text31                              672      672       92        C       0
                text30                              9D6      9D6       72        C       0
                text29                              D52      D52        E      66F       0
                text28                              D44      D44        E      66F       0
                text27                              D36      D36        E      66F       0
                text26                              C02      C02       30        C       0
                text25                              BD2      BD2       30        C       0
                intcode_body                        806      806       76        C       0
                text23                              5E0      5E0       92        C       0
                text22                              964      964       72        C       0
                text21                              D0E      D0E       18      66F       0
                text20                              CF6      CF6       18      66F       0
                text19                              CDE      CDE       18      66F       0
                text18                              BA2      BA2       30        C       0
                text16                              8F0      8F0       74        C       0
                text15                              87C      87C       74        C       0
                text14                              306      306      12E        C       0
                text13                              434      434       FA        C       0
                text12                               8A       8A      14A        C       0
                text11                              B6E      B6E       34        C       0
                text10                              C8A      C8A       2C        C       0
                text9                               C5E      C5E       2C        C       0
                text8                               C32      C32       2C        C       0
                text7                               52E      52E       B2        C       0
                text6                               786      786       80        C       0
                text5                               D66      D66        2      66F       0
                text4                               D60      D60        6      66F       0
                text3                               1D4      1D4      132        C       0
                text2                               A48      A48       6C        C       0
                text1                               704      704       82        C       0
                text0                               AB4      AB4       60        C       0
                cstackCOMRAM                         28       28       25        1       1
                cstackBANK0                          80       80       13       80       1
                dataBANK0                            93       93       10       80       1
                dataCOMRAM                            1        1       27        1       1
                bssCOMRAM                            4D       4D       1A        1       1
                cinit                               B14      B14       5A        C       0
                idataBANK0                          D26      D26       10      66F       0
                idataCOMRAM                         CB6      CB6       27        C       0

TOTAL           Name                               Link     Load   Length     Space
        CLASS   CODE           
                intcodelo                            18       18       6E         0
                intcode                               8        8        6         0
                init                                 86       86        4         0
                reset_vec                             0        0        4         0
                text31                              672      672       92         0
                text30                              9D6      9D6       72         0
                text29                              D52      D52        E         0
                text28                              D44      D44        E         0
                text27                              D36      D36        E         0
                text26                              C02      C02       30         0
                text25                              BD2      BD2       30         0
                intcode_body                        806      806       76         0
                text23                              5E0      5E0       92         0
                text22                              964      964       72         0
                text21                              D0E      D0E       18         0
                text20                              CF6      CF6       18         0
                text19                              CDE      CDE       18         0
                text18                              BA2      BA2       30         0
                text16                              8F0      8F0       74         0
                text15                              87C      87C       74         0
                text14                              306      306      12E         0
                text13                              434      434       FA         0
                text12                               8A       8A      14A         0
                text11                              B6E      B6E       34         0
                text10                              C8A      C8A       2C         0
                text9                               C5E      C5E       2C         0
                text8                               C32      C32       2C         0
                text7                               52E      52E       B2         0
                text6                               786      786       80         0
                text5                               D66      D66        2         0
                text4                               D60      D60        6         0
                text3                               1D4      1D4      132         0
                text2                               A48      A48       6C         0
                text1                               704      704       82         0
                text0                               AB4      AB4       60         0
                cinit                               B14      B14       5A         0
                idataBANK0                          D26      D26       10         0
                idataCOMRAM                         CB6      CB6       27         0

        CLASS   CONST          

        CLASS   SMALLCONST     

        CLASS   MEDIUMCONST    

        CLASS   COMRAM         
                temp                                 67       67        1         1
                cstackCOMRAM                         28       28       25         1
                dataCOMRAM                            1        1       27         1
                bssCOMRAM                            4D       4D       1A         1

        CLASS   ABS1           

        CLASS   BIGRAM         

        CLASS   RAM            

        CLASS   BANK0          
                cstackBANK0                          80       80       13         1
                dataBANK0                            93       93       10         1

        CLASS   BANK1          

        CLASS   BANK2          

        CLASS   BANK3          

        CLASS   BANK4          

        CLASS   BANK5          

        CLASS   BANK6          

        CLASS   BANK7          

        CLASS   BANK8          

        CLASS   BANK9          

        CLASS   BANK10         

        CLASS   BANK11         

        CLASS   BANK12         

        CLASS   BANK13         

        CLASS   BANK14         

        CLASS   BANK15         

        CLASS   SFR            

        CLASS   BIGSFR         

        CLASS   CONFIG         
                config                           300000   300000        E         4

        CLASS   IDLOC          
                idloc                            200000   200000        8         5

        CLASS   EEDATA         

        CLASS   FARRAM         

        CLASS   HEAP           

        CLASS   STACK          



SEGMENTS        Name                           Load    Length   Top    Selector   Space  Class

                reset_vec                      000000  000004  000004         0       0  CODE    
                dataCOMRAM                     000001  000067  000068         1       1  COMRAM  
                intcode                        000008  000006  00000E         4       0  CODE    
                intcodelo                      000018  000CC5  000CDD         C       0  CODE    
                cstackBANK0                    000080  000023  0000A3        80       1  BANK0   
                text19                         000CDE  00008A  000D68       66F       0  CODE    


UNUSED ADDRESS RANGES

        Name                Unused          Largest block    Delta
        BANK0            0000A3-0000FF               5D
        BANK1            000100-0001FF              100
        BANK10           000A00-000AFF              100
        BANK11           000B00-000BFF              100
        BANK12           000C00-000CFF              100
        BANK13           000D00-000DFF              100
        BANK14           000E00-000EFF              100
        BANK15           000F00-000F7F               80
        BANK2            000200-0002FF              100
        BANK3            000300-0003FF              100
        BANK4            000400-0004FF              100
        BANK5            000500-0005FF              100
        BANK6            000600-0006FF              100
        BANK7            000700-0007FF              100
        BANK8            000800-0008FF              100
        BANK9            000900-0009FF              100
        BIGRAM           000068-00007F               18
                         0000A3-000F7F              EDD
        BIGSFR           000F80-000FFF               80
        CODE             000004-000007                4
                         00000E-000017                A
                         000CDD-000CDD                1
                         000D68-00FFFF             F298
        COMRAM           000068-00007F               18
        CONST            000004-000007                4
                         00000E-000017                A
                         000CDD-000CDD                1
                         000D68-00FFFF             F298
        EEDATA           F00000-F003FF              400
        MEDIUMCONST      001000-00FFFF             F000
        RAM              0000A3-000F7F              100
        SFR              000F80-000FFF               80
        SMALLCONST       001000-00FFFF              100

                                  Symbol Table

INT0_SetInterruptHandler@InterruptHandler   cstackBANK0  000080
INT0_SetInterruptHandler@ret                cstackBANK0  000082
INT1_SetInterruptHandler@InterruptHandler   cstackBANK0  000080
INT1_SetInterruptHandler@ret                cstackBANK0  000082
INT2_SetInterruptHandler@InterruptHandler   cstackBANK0  000080
INT2_SetInterruptHandler@ret                cstackBANK0  000082
Interrupt_INTx_Clear_Flag@int_obj           cstackBANK0  000080
Interrupt_INTx_Clear_Flag@ret               cstackBANK0  000084
Interrupt_INTx_Disable@int_obj              cstackBANK0  000080
Interrupt_INTx_Disable@ret                  cstackBANK0  000084
Interrupt_INTx_Edge_Init@int_obj            cstackBANK0  000080
Interrupt_INTx_Edge_Init@ret                cstackBANK0  000084
Interrupt_INTx_Enable@int_obj               cstackBANK0  000080
Interrupt_INTx_Enable@ret                   cstackBANK0  000084
Interrupt_INTx_Init@int_obj                 cstackBANK0  00008C
Interrupt_INTx_Init@ret                     cstackBANK0  00008E
Interrupt_INTx_Pin_Init@int_obj             cstackBANK0  000089
Interrupt_INTx_Pin_Init@ret                 cstackBANK0  00008B
Interrupt_INTx_SetInterruptHandler@int_obj  cstackBANK0  000083
Interrupt_INTx_SetInterruptHandler@ret      cstackBANK0  000087
_INT0_ISR                                   text26       000C02
_INT0_InterruptHandler                      bssCOMRAM    000061
_INT0_SetInterruptHandler                   text10       000C8A
_INT1_ISR                                   text18       000BA2
_INT1_InterruptHandler                      bssCOMRAM    00005F
_INT1_SetInterruptHandler                   text9        000C5E
_INT2_ISR                                   text25       000BD2
_INT2_InterruptHandler                      bssCOMRAM    00005D
_INT2_SetInterruptHandler                   text8        000C32
_INTCON2bits                                (abs)        000FF1
_INTCON3bits                                (abs)        000FF0
_INTCONbits                                 (abs)        000FF2
_Int0_APP_ISR                               text20       000CF6
_Int0_APP_ISR$intlevel1                     text20       000D00
_Int1_APP_ISR                               text19       000CDE
_Int1_APP_ISR$intlevel1                     text19       000CE8
_Int2_APP_ISR                               text21       000D0E
_Int2_APP_ISR$intlevel1                     text21       000D18
_InterruptManagerHigh                       intcode      000008
_InterruptManagerLow                        intcodelo    000018
_Interrupt_INTx_Clear_Flag                  text16       0008F0
_Interrupt_INTx_Disable                     text15       00087C
_Interrupt_INTx_Edge_Init                   text14       000306
_Interrupt_INTx_Enable                      text13       000434
_Interrupt_INTx_Init                        text6        000786
_Interrupt_INTx_Pin_Init                    text11       000B6E
_Interrupt_INTx_SetInterruptHandler         text7        00052E
_LATA                                       (abs)        000F89
_LATB                                       (abs)        000F8A
_LATC                                       (abs)        000F8B
_LATD                                       (abs)        000F8C
_LATE                                       (abs)        000F8D
_PORTA                                      (abs)        000F80
_PORTB                                      (abs)        000F81
_PORTC                                      (abs)        000F82
_PORTD                                      (abs)        000F83
_PORTE                                      (abs)        000F84
_RB4_Flag                                   dataCOMRAM   000018
_RB4_InterruptHandler_HIGH                  bssCOMRAM    00005B
_RB4_InterruptHandler_LOW                   bssCOMRAM    000059
_RB5_Flag                                   dataCOMRAM   000017
_RB5_InterruptHandler_HIGH                  bssCOMRAM    000057
_RB5_InterruptHandler_LOW                   bssCOMRAM    000055
_RB6_Flag                                   dataCOMRAM   000016
_RB6_InterruptHandler_HIGH                  bssCOMRAM    000053
_RB6_InterruptHandler_LOW                   bssCOMRAM    000051
_RB7_Flag                                   dataCOMRAM   000015
_RB7_InterruptHandler_HIGH                  bssCOMRAM    00004F
_RB7_InterruptHandler_LOW                   bssCOMRAM    00004D
_RCONbits                                   (abs)        000FD0
_TRISA                                      (abs)        000F92
_TRISB                                      (abs)        000F93
_TRISC                                      (abs)        000F94
_TRISD                                      (abs)        000F95
_TRISE                                      (abs)        000F96
__HRAM                                      (abs)        000000
__H__absolute__                             __absolute__ 000000
__Habs1                                     abs1         000000
__Hbank0                                    bank0        000000
__Hbank1                                    bank1        000000
__Hbank10                                   bank10       000000
__Hbank11                                   bank11       000000
__Hbank12                                   bank12       000000
__Hbank13                                   bank13       000000
__Hbank14                                   bank14       000000
__Hbank15                                   bank15       000000
__Hbank2                                    bank2        000000
__Hbank3                                    bank3        000000
__Hbank4                                    bank4        000000
__Hbank5                                    bank5        000000
__Hbank6                                    bank6        000000
__Hbank7                                    bank7        000000
__Hbank8                                    bank8        000000
__Hbank9                                    bank9        000000
__Hbigbss                                   bigbss       000000
__Hbigdata                                  bigdata      000000
__Hbigram                                   bigram       000000
__Hbigsfr                                   bigsfr       000000
__Hbss                                      bss          000000
__HbssCOMRAM                                bssCOMRAM    000000
__Hcinit                                    cinit        000000
__Hclrtext                                  clrtext      000000
__Hcomram                                   comram       000000
__Hconfig                                   config       30000E
__Hconst                                    const        000000
__HcstackBANK0                              cstackBANK0  000000
__HcstackCOMRAM                             cstackCOMRAM 000000
__Hdata                                     data         000000
__HdataBANK0                                dataBANK0    000000
__HdataCOMRAM                               dataCOMRAM   000000
__Heeprom_data                              eeprom_data  000000
__Hfarbss                                   farbss       000000
__Hfardata                                  fardata      000000
__Hheap                                     heap         000000
__Hibigdata                                 ibigdata     000000
__Hidata                                    idata        000000
__HidataBANK0                               idataBANK0   000000
__HidataCOMRAM                              idataCOMRAM  000000
__Hidloc                                    idloc        200008
__Hifardata                                 ifardata     000000
__Hinit                                     init         00008A
__Hintcode                                  intcode      00000E
__Hintcode_body                             intcode_body 000000
__Hintcodelo                                intcodelo    000086
__Hintentry                                 intentry     000000
__Hintret                                   intret       000000
__Hintsave_regs                             intsave_regs 000000
__Hirdata                                   irdata       000000
__Hmediumconst                              mediumconst  000000
__HnvFARRAM                                 nvFARRAM     000000
__Hnvbit                                    nvbit        000000
__Hnvrram                                   nvrram       000000
__Hparam                                    rparam       000000
__Hpowerup                                  powerup      000086
__Hram                                      ram          000000
__Hramtop                                   ramtop       001000
__Hrbit                                     rbit         000000
__Hrbss                                     rbss         000000
__Hrdata                                    rdata        000000
__Hreset_vec                                reset_vec    000004
__Hrparam                                   rparam       000000
__Hsfr                                      sfr          000000
__Hsmallconst                               smallconst   000000
__Hspace_0                                  (abs)        001000
__Hspace_1                                  (abs)        0000A3
__Hspace_2                                  (abs)        000000
__Hspace_4                                  (abs)        60000E
__Hstack                                    stack        000000
__Hstruct                                   struct       000000
__Htemp                                     temp         000068
__Htext                                     text         000000
__Htext0                                    text0        000000
__Htext1                                    text1        000000
__Htext10                                   text10       000000
__Htext11                                   text11       000000
__Htext12                                   text12       000000
__Htext13                                   text13       000000
__Htext14                                   text14       000000
__Htext15                                   text15       000000
__Htext16                                   text16       000000
__Htext18                                   text18       000000
__Htext19                                   text19       000000
__Htext2                                    text2        000000
__Htext20                                   text20       000000
__Htext21                                   text21       000000
__Htext22                                   text22       000000
__Htext23                                   text23       000000
__Htext25                                   text25       000000
__Htext26                                   text26       000000
__Htext27                                   text27       000000
__Htext28                                   text28       000000
__Htext29                                   text29       000000
__Htext3                                    text3        000000
__Htext30                                   text30       000000
__Htext31                                   text31       000000
__Htext32                                   text32       000000
__Htext4                                    text4        000000
__Htext5                                    text5        000000
__Htext6                                    text6        000000
__Htext7                                    text7        000000
__Htext8                                    text8        000000
__Htext9                                    text9        000000
__LRAM                                      (abs)        000001
__L__absolute__                             __absolute__ 000000
__Labs1                                     abs1         000000
__Lbank0                                    bank0        000000
__Lbank1                                    bank1        000000
__Lbank10                                   bank10       000000
__Lbank11                                   bank11       000000
__Lbank12                                   bank12       000000
__Lbank13                                   bank13       000000
__Lbank14                                   bank14       000000
__Lbank15                                   bank15       000000
__Lbank2                                    bank2        000000
__Lbank3                                    bank3        000000
__Lbank4                                    bank4        000000
__Lbank5                                    bank5        000000
__Lbank6                                    bank6        000000
__Lbank7                                    bank7        000000
__Lbank8                                    bank8        000000
__Lbank9                                    bank9        000000
__Lbigbss                                   bigbss       000000
__Lbigdata                                  bigdata      000000
__Lbigram                                   bigram       000000
__Lbigsfr                                   bigsfr       000000
__Lbss                                      bss          000000
__LbssCOMRAM                                bssCOMRAM    000000
__Lcinit                                    cinit        000000
__Lclrtext                                  clrtext      000000
__Lcomram                                   comram       000000
__Lconfig                                   config       000000
__Lconst                                    const        000000
__LcstackBANK0                              cstackBANK0  000000
__LcstackCOMRAM                             cstackCOMRAM 000000
__Ldata                                     data         000000
__LdataBANK0                                dataBANK0    000000
__LdataCOMRAM                               dataCOMRAM   000000
__Leeprom_data                              eeprom_data  000000
__Lfarbss                                   farbss       000000
__Lfardata                                  fardata      000000
__Lheap                                     heap         000000
__Libigdata                                 ibigdata     000000
__Lidata                                    idata        000000
__LidataBANK0                               idataBANK0   000000
__LidataCOMRAM                              idataCOMRAM  000000
__Lidloc                                    idloc        000000
__Lifardata                                 ifardata     000000
__Linit                                     init         000086
__Lintcode                                  intcode      000008
__Lintcode_body                             intcode_body 000000
__Lintcodelo                                intcodelo    000018
__Lintentry                                 intentry     000000
__Lintret                                   intret       000000
__Lintsave_regs                             intsave_regs 000000
__Lirdata                                   irdata       000000
__Lmediumconst                              mediumconst  000000
__LnvFARRAM                                 nvFARRAM     000000
__Lnvbit                                    nvbit        000000
__Lnvrram                                   nvrram       000000
__Lparam                                    rparam       000000
__Lpowerup                                  powerup      000086
__Lram                                      ram          000000
__Lramtop                                   ramtop       001000
__Lrbit                                     rbit         000000
__Lrbss                                     rbss         000000
__Lrdata                                    rdata        000000
__Lreset_vec                                reset_vec    000000
__Lrparam                                   rparam       000000
__Lsfr                                      sfr          000000
__Lsmallconst                               smallconst   000000
__Lspace_0                                  (abs)        000000
__Lspace_1                                  (abs)        000000
__Lspace_2                                  (abs)        000000
__Lspace_4                                  (abs)        000000
__Lstack                                    stack        000000
__Lstruct                                   struct       000000
__Ltemp                                     temp         000067
__Ltext                                     text         000000
__Ltext0                                    text0        000000
__Ltext1                                    text1        000000
__Ltext10                                   text10       000000
__Ltext11                                   text11       000000
__Ltext12                                   text12       000000
__Ltext13                                   text13       000000
__Ltext14                                   text14       000000
__Ltext15                                   text15       000000
__Ltext16                                   text16       000000
__Ltext18                                   text18       000000
__Ltext19                                   text19       000000
__Ltext2                                    text2        000000
__Ltext20                                   text20       000000
__Ltext21                                   text21       000000
__Ltext22                                   text22       000000
__Ltext23                                   text23       000000
__Ltext25                                   text25       000000
__Ltext26                                   text26       000000
__Ltext27                                   text27       000000
__Ltext28                                   text28       000000
__Ltext29                                   text29       000000
__Ltext3                                    text3        000000
__Ltext30                                   text30       000000
__Ltext31                                   text31       000000
__Ltext32                                   text32       000000
__Ltext4                                    text4        000000
__Ltext5                                    text5        000000
__Ltext6                                    text6        000000
__Ltext7                                    text7        000000
__Ltext8                                    text8        000000
__Ltext9                                    text9        000000
__S0                                        (abs)        000D68
__S1                                        (abs)        0000A3
__S4                                        (abs)        000000
__S5                                        (abs)        000000
___heap_hi                                  (abs)        000000
___heap_lo                                  (abs)        000000
___inthi_sp                                 stack        000000
___intlo_sp                                 stack        000000
___param_bank                               (abs)        000000
___rparam_used                              (abs)        000001
___sp                                       stack        000000
__accesstop                                 (abs)        000080
__activetblptr                              (abs)        000002
__end_of_INT0_ISR                           text26       000C32
__end_of_INT0_SetInterruptHandler           text10       000CB6
__end_of_INT1_ISR                           text18       000BD2
__end_of_INT1_SetInterruptHandler           text9        000C8A
__end_of_INT2_ISR                           text25       000C02
__end_of_INT2_SetInterruptHandler           text8        000C5E
__end_of_Int0_APP_ISR                       text20       000D0E
__end_of_Int1_APP_ISR                       text19       000CF6
__end_of_Int2_APP_ISR                       text21       000D26
__end_of_InterruptManagerHigh               intcode_body 00087C
__end_of_InterruptManagerLow                intcodelo    000086
__end_of_Interrupt_INTx_Clear_Flag          text16       000964
__end_of_Interrupt_INTx_Disable             text15       0008F0
__end_of_Interrupt_INTx_Edge_Init           text14       000434
__end_of_Interrupt_INTx_Enable              text13       00052E
__end_of_Interrupt_INTx_Init                text6        000806
__end_of_Interrupt_INTx_Pin_Init            text11       000BA2
__end_of_Interrupt_INTx_SetInterruptHandler text7        0005E0
__end_of__initialization                    cinit        000B60
__end_of_application_intialize              text4        000D66
__end_of_ecu_layer_intialize                text5        000D68
__end_of_gpio_pin_direction_intialize       text12       0001D4
__end_of_gpio_pin_intialize                 text2        000AB4
__end_of_gpio_pin_toggle_logic              text23       000672
__end_of_gpio_pin_write_logic               text3        000306
__end_of_led_initialize                     text1        000786
__end_of_led_turn_toggle                    text22       0009D6
__end_of_main                               text0        000B14
__end_ofi2_Int0_APP_ISR                     text28       000D52
__end_ofi2_Int1_APP_ISR                     text27       000D44
__end_ofi2_Int2_APP_ISR                     text29       000D60
__end_ofi2_gpio_pin_toggle_logic            text31       000704
__end_ofi2_led_turn_toggle                  text30       000A48
__initialization                            cinit        000B14
__mediumconst                               mediumconst  000000
__pbssCOMRAM                                bssCOMRAM    00004D
__pcinit                                    cinit        000B14
__pcstackBANK0                              cstackBANK0  000080
__pcstackCOMRAM                             cstackCOMRAM 000028
__pdataBANK0                                dataBANK0    000093
__pdataCOMRAM                               dataCOMRAM   000001
__pidataBANK0                               idataBANK0   000D26
__pidataCOMRAM                              idataCOMRAM  000CB6
__pintcode                                  intcode      000008
__pintcode_body                             intcode_body 000806
__pintcodelo                                intcodelo    000018
__ptext0                                    text0        000AB4
__ptext1                                    text1        000704
__ptext10                                   text10       000C8A
__ptext11                                   text11       000B6E
__ptext12                                   text12       00008A
__ptext13                                   text13       000434
__ptext14                                   text14       000306
__ptext15                                   text15       00087C
__ptext16                                   text16       0008F0
__ptext18                                   text18       000BA2
__ptext19                                   text19       000CDE
__ptext2                                    text2        000A48
__ptext20                                   text20       000CF6
__ptext21                                   text21       000D0E
__ptext22                                   text22       000964
__ptext23                                   text23       0005E0
__ptext25                                   text25       000BD2
__ptext26                                   text26       000C02
__ptext27                                   text27       000D36
__ptext28                                   text28       000D44
__ptext29                                   text29       000D52
__ptext3                                    text3        0001D4
__ptext30                                   text30       0009D6
__ptext31                                   text31       000672
__ptext32                                   text32       000000
__ptext4                                    text4        000D60
__ptext5                                    text5        000D66
__ptext6                                    text6        000786
__ptext7                                    text7        00052E
__ptext8                                    text8        000C32
__ptext9                                    text9        000C5E
__ramtop                                    ramtop       001000
__smallconst                                smallconst   000000
_application_intialize                      text4        000D60
_ecu_layer_intialize                        text5        000D66
_gpio_pin_direction_intialize               text12       00008A
_gpio_pin_intialize                         text2        000A48
_gpio_pin_toggle_logic                      text23       0005E0
_gpio_pin_write_logic                       text3        0001D4
_int0_obj                                   dataCOMRAM   00001F
_int1_obj                                   dataCOMRAM   000019
_int2_obj                                   dataBANK0    00009D
_lat_registers                              dataCOMRAM   000001
_led1                                       dataCOMRAM   000027
_led2                                       dataCOMRAM   000026
_led3                                       dataCOMRAM   000025
_led_initialize                             text1        000704
_led_turn_toggle                            text22       000964
_main                                       text0        000AB4
_port_registers                             dataBANK0    000093
_tris_registers                             dataCOMRAM   00000B
btemp                                       temp         000067
end_of_initialization                       cinit        000B60
gpio_pin_direction_intialize@_pin_config    cstackBANK0  000080
gpio_pin_direction_intialize@ret            cstackBANK0  000088
gpio_pin_intialize@_pin_config              cstackBANK0  00008A
gpio_pin_intialize@ret                      cstackBANK0  00008D
gpio_pin_toggle_logic@_pin_config           cstackCOMRAM 000039
gpio_pin_write_logic@_pin_config            cstackBANK0  000080
gpio_pin_write_logic@logic                  cstackBANK0  000082
gpio_pin_write_logic@ret                    cstackBANK0  000089
i2_Int0_APP_ISR                             text28       000D44
i2_Int1_APP_ISR                             text27       000D36
i2_Int2_APP_ISR                             text29       000D52
i2_gpio_pin_toggle_logic                    text31       000672
i2_led_turn_toggle                          text30       0009D6
i2gpio_pin_toggle_logic@_pin_config         cstackCOMRAM 000028
i2led_turn_toggle@led                       cstackCOMRAM 00002F
i2led_turn_toggle@pin_obj                   cstackCOMRAM 000032
int$flags                                   temp         000067
int_func                                    intcode_body 000806
intlevel0                                   text         000000
intlevel1                                   text         000000
intlevel2                                   text         000000
intlevel3                                   text         000000
isa$std                                     (abs)        000001
isa$xinst                                   (abs)        000000
led_initialize@F2881                        bssCOMRAM    000066
led_initialize@led                          cstackBANK0  00008E
led_initialize@pin_obj                      cstackBANK0  000092
led_initialize@ret                          cstackBANK0  000091
led_turn_off@F2891                          bssCOMRAM    000064
led_turn_on@F2886                           bssCOMRAM    000065
led_turn_toggle@F2896                       bssCOMRAM    000063
led_turn_toggle@led                         cstackCOMRAM 000040
led_turn_toggle@pin_obj                     cstackCOMRAM 000043
stackhi                                     (abs)        000000
stacklo                                     (abs)        000000
start                                       init         000086
start_initialization                        cinit        000B14
ttemp5                                      temp         000068
ttemp6                                      temp         00006B
ttemp7                                      temp         00006F
wtemp8                                      temp         000068


MODULE INFORMATION

Module		Function		Class		Link	Load	Size
shared
		i2_Int2_APP_ISR		CODE           	0D52	0000	14
		i2_Int0_APP_ISR		CODE           	0D44	0000	14
		__initialization		CODE           	0B14	0000	76
		i2_Int1_APP_ISR		CODE           	0D36	0000	14
		i2_gpio_pin_toggle_logic		CODE           	0672	0000	146
		i2_led_turn_toggle		CODE           	09D6	0000	114

shared estimated size: 378

MCAL_Layer/Interrupt/mcal_external_interrupt.c
		_INT0_SetInterruptHandler		CODE           	0C8A	0000	44
		_Interrupt_INTx_Clear_Flag		CODE           	08F0	0000	116
		_Interrupt_INTx_SetInterruptHandler		CODE           	052E	0000	178
		_INT1_SetInterruptHandler		CODE           	0C5E	0000	44
		_Interrupt_INTx_Enable		CODE           	0434	0000	250
		_INT2_SetInterruptHandler		CODE           	0C32	0000	44
		_Interrupt_INTx_Edge_Init		CODE           	0306	0000	302
		_Interrupt_INTx_Init		CODE           	0786	0000	128
		_Interrupt_INTx_Disable		CODE           	087C	0000	116
		_INT0_ISR      		CODE           	0C02	0000	48
		_Interrupt_INTx_Pin_Init		CODE           	0B6E	0000	52
		_INT1_ISR      		CODE           	0BA2	0000	48
		_INT2_ISR      		CODE           	0BD2	0000	48

MCAL_Layer/Interrupt/mcal_external_interrupt.c estimated size: 1418

MCAL_Layer/Interrupt/mcal_interrupt_manager.c
		_InterruptManagerLow		CODE           	0018	0000	110
		_InterruptManagerHigh		CODE           	0008	0000	124

MCAL_Layer/Interrupt/mcal_interrupt_manager.c estimated size: 234

MCAL_Layer/GPIO/hal_gpio.c
		_gpio_pin_write_logic		CODE           	01D4	0000	306
		_gpio_pin_intialize		CODE           	0A48	0000	108
		_gpio_pin_direction_intialize		CODE           	008A	0000	330
		_gpio_pin_toggle_logic		CODE           	05E0	0000	146

MCAL_Layer/GPIO/hal_gpio.c estimated size: 890

ECU_Layer/LED/ecu_led.c
		_led_turn_toggle		CODE           	0964	0000	114
		_led_initialize		CODE           	0704	0000	130

ECU_Layer/LED/ecu_led.c estimated size: 244

ECU_Layer/ecu_layer_init.c
		_ecu_layer_intialize		CODE           	0D66	0000	2

ECU_Layer/ecu_layer_init.c estimated size: 2

application.c
		_Int0_APP_ISR  		CODE           	0CF6	0000	24
		_Int1_APP_ISR  		CODE           	0CDE	0000	24
		_Int2_APP_ISR  		CODE           	0D0E	0000	24
		_main          		CODE           	0AB4	0000	96
		_application_intialize		CODE           	0D60	0000	6

application.c estimated size: 174

